---
source: src/test.rs
expression: help_text
---
Calculate the total size of all target folders

Usage: size [OPTIONS]

Options:
  -p, --path <PATH>
          Path to a directory
          
          [default: .]

  -d, --dry-run
          Run the program without making any changes

  -h, --help
          Print help

  -V, --version
          Print version
