---
source: src/test.rs
expression: help_text
---
Print statistics about all Rust projects in the directory

Usage: stats [OPTIONS] [PATH]

Arguments:
  [PATH]
          Path to the directory from which to start the search for Rust projects
          
          [default: .]

Options:
  -e, --exclude <EXCLUDE>
          Exclude the provided folder from the size calculation and cleaning

  -h, --help
          Print help

  -V, --version
          Print version
