---
source: src/test.rs
expression: help_text
---
Print statistics about all Rust projects in the directory

Usage: stats [OPTIONS]

Options:
  -d, --dry-run
          Run the program without making any changes

  -p, --path <PATH>
          Path to a directory

  -h, --help
          Print help

  -V, --version
          Print version
