---
source: src/test.rs
expression: help_text
---
Execute `cargo clean` on all projects to remove build artifacts

Usage: clean [OPTIONS]

Options:
  -p, --path <PATH>
          Path to the directory from which to start the search for Rust projects

  -e, --exclude <EXCLUDE>
          Exclude the provided folder from the size calculation and cleaning

  -h, --help
          Print help

  -V, --version
          Print version
