---
source: src/test.rs
expression: help_text
---
Calculate the total size of all build/target folders

Usage: size [OPTIONS]

Options:
  -d, --dry-run
          Run the program without making any changes

  -e, --exclude <EXCLUDE>
          Exclude specific projects (by name)

  -p, --path <PATH>
          Path to a directory

  -h, --help
          Print help

  -V, --version
          Print version
