---
source: src/test.rs
expression: help_text
---
Print statistics about all projects we support

Usage: stats [OPTIONS]

Options:
  -p, --path <PATH>
          Path to a directory

  -d, --dry-run
          Run the program without making any changes

  -e, --exclude <EXCLUDE>
          Exclude specific projects (by name)

  -l, --language <LANGUAGE>
          Language to filter by

          Possible values:
          - rust:    `Rust` projects (with `target` folder)
          - node-js: `NodeJS` projects (with `node_modules` folder)

  -h, --help
          Print help (see a summary with '-h')

  -V, --version
          Print version
