---
source: src/test.rs
expression: help_text
---
A tool to clean up your Cargo caches

Usage: cargo_wash <COMMAND>

Commands:
  clean    Execute `cargo clean` on all projects to remove build artifacts
  stats    Print statistics about all Rust projects in the directory
  execute  Execute different commands on all rust projects in the directory
  help     Print this message or the help of the given subcommand(s)

Options:
  -h, --help
          Print help

  -V, --version
          Print version
